{
  "user_name": "t-tasy",
  "password": "test"
}
